[INFO] Scanning for projects...
[INFO] 
[INFO] --------------------< com.example:staybite-backend >--------------------
[INFO] Building staybite-backend 0.0.1-SNAPSHOT
[INFO]   from pom.xml
[INFO] --------------------------------[ jar ]---------------------------------
[INFO] 
[INFO] --- clean:3.5.0:clean (default-clean) @ staybite-backend ---
[INFO] Deleting E:\ManiStayBite\backend\target
[INFO] 
[INFO] --- resources:3.3.1:resources (default-resources) @ staybite-backend ---
[INFO] Copying 1 resource from src\main\resources to target\classes
[INFO] Copying 0 resource from src\main\resources to target\classes
[INFO] 
[INFO] --- compiler:3.14.1:compile (default-compile) @ staybite-backend ---
[INFO] Recompiling the module because of changed source code.
[INFO] Compiling 56 source files with javac [debug parameters release 17] to target\classes
[INFO] Some messages have been simplified; recompile with -Xdiags:verbose to get full output
[INFO] -------------------------------------------------------------
[ERROR] COMPILATION ERROR : 
[INFO] -------------------------------------------------------------
[ERROR] /E:/ManiStayBite/backend/src/main/java/com/example/staybite_backend/controller/AdminController.java:[36,62] incompatible types: java.lang.Long cannot be converted to java.lang.String
[ERROR] /E:/ManiStayBite/backend/src/main/java/com/example/staybite_backend/controller/AdminController.java:[45,37] incompatible types: java.lang.Long cannot be converted to java.lang.String
[ERROR] /E:/ManiStayBite/backend/src/main/java/com/example/staybite_backend/controller/AttendanceController.java:[25,63] incompatible types: java.lang.Long cannot be converted to java.lang.String
[ERROR] /E:/ManiStayBite/backend/src/main/java/com/example/staybite_backend/controller/EmployeeController.java:[34,48] incompatible types: java.lang.Long cannot be converted to java.lang.String
[ERROR] /E:/ManiStayBite/backend/src/main/java/com/example/staybite_backend/controller/HotelOwnerController.java:[47,35] incompatible types: java.lang.Long cannot be converted to java.lang.String
[ERROR] /E:/ManiStayBite/backend/src/main/java/com/example/staybite_backend/controller/HotelOwnerController.java:[53,45] incompatible types: java.lang.Long cannot be converted to java.lang.String
[ERROR] /E:/ManiStayBite/backend/src/main/java/com/example/staybite_backend/controller/HotelOwnerController.java:[73,35] incompatible types: java.lang.Long cannot be converted to java.lang.String
[ERROR] /E:/ManiStayBite/backend/src/main/java/com/example/staybite_backend/controller/HotelOwnerController.java:[79,45] incompatible types: java.lang.Long cannot be converted to java.lang.String
[ERROR] /E:/ManiStayBite/backend/src/main/java/com/example/staybite_backend/controller/HotelOwnerController.java:[99,35] incompatible types: java.lang.Long cannot be converted to java.lang.String
[ERROR] /E:/ManiStayBite/backend/src/main/java/com/example/staybite_backend/controller/OrderController.java:[33,48] incompatible types: java.lang.Long cannot be converted to java.lang.String
[ERROR] /E:/ManiStayBite/backend/src/main/java/com/example/staybite_backend/controller/ReviewController.java:[24,99] incompatible types: java.lang.Long cannot be converted to java.lang.String
[ERROR] /E:/ManiStayBite/backend/src/main/java/com/example/staybite_backend/controller/ReviewController.java:[41,37] incompatible types: java.lang.Long cannot be converted to java.lang.String
[ERROR] /E:/ManiStayBite/backend/src/main/java/com/example/staybite_backend/controller/SubscriptionController.java:[19,53] incompatible types: java.lang.Long cannot be converted to java.lang.String
[ERROR] /E:/ManiStayBite/backend/src/main/java/com/example/staybite_backend/controller/SupportTicketController.java:[21,64] incompatible types: java.lang.Long cannot be converted to java.lang.String
[ERROR] /E:/ManiStayBite/backend/src/main/java/com/example/staybite_backend/controller/SupportTicketController.java:[33,58] incompatible types: java.lang.Long cannot be converted to java.lang.String
[ERROR] /E:/ManiStayBite/backend/src/main/java/com/example/staybite_backend/controller/WalletController.java:[18,46] incompatible types: java.lang.Long cannot be converted to java.lang.String
[ERROR] /E:/ManiStayBite/backend/src/main/java/com/example/staybite_backend/controller/WalletController.java:[25,55] incompatible types: java.lang.Long cannot be converted to java.lang.String
[INFO] 17 errors 
[INFO] -------------------------------------------------------------
[INFO] ------------------------------------------------------------------------
[INFO] BUILD FAILURE
[INFO] ------------------------------------------------------------------------
[INFO] Total time:  3.472 s
[INFO] Finished at: 2026-05-09T21:56:56+05:30
[INFO] ------------------------------------------------------------------------
[ERROR] Failed to execute goal org.apache.maven.plugins:maven-compiler-plugin:3.14.1:compile (default-compile) on project staybite-backend: Compilation failure: Compilation failure: 
[ERROR] /E:/ManiStayBite/backend/src/main/java/com/example/staybite_backend/controller/AdminController.java:[36,62] incompatible types: java.lang.Long cannot be converted to java.lang.String
[ERROR] /E:/ManiStayBite/backend/src/main/java/com/example/staybite_backend/controller/AdminController.java:[45,37] incompatible types: java.lang.Long cannot be converted to java.lang.String
[ERROR] /E:/ManiStayBite/backend/src/main/java/com/example/staybite_backend/controller/AttendanceController.java:[25,63] incompatible types: java.lang.Long cannot be converted to java.lang.String
[ERROR] /E:/ManiStayBite/backend/src/main/java/com/example/staybite_backend/controller/EmployeeController.java:[34,48] incompatible types: java.lang.Long cannot be converted to java.lang.String
[ERROR] /E:/ManiStayBite/backend/src/main/java/com/example/staybite_backend/controller/HotelOwnerController.java:[47,35] incompatible types: java.lang.Long cannot be converted to java.lang.String
[ERROR] /E:/ManiStayBite/backend/src/main/java/com/example/staybite_backend/controller/HotelOwnerController.java:[53,45] incompatible types: java.lang.Long cannot be converted to java.lang.String
[ERROR] /E:/ManiStayBite/backend/src/main/java/com/example/staybite_backend/controller/HotelOwnerController.java:[73,35] incompatible types: java.lang.Long cannot be converted to java.lang.String
[ERROR] /E:/ManiStayBite/backend/src/main/java/com/example/staybite_backend/controller/HotelOwnerController.java:[79,45] incompatible types: java.lang.Long cannot be converted to java.lang.String
[ERROR] /E:/ManiStayBite/backend/src/main/java/com/example/staybite_backend/controller/HotelOwnerController.java:[99,35] incompatible types: java.lang.Long cannot be converted to java.lang.String
[ERROR] /E:/ManiStayBite/backend/src/main/java/com/example/staybite_backend/controller/OrderController.java:[33,48] incompatible types: java.lang.Long cannot be converted to java.lang.String
[ERROR] /E:/ManiStayBite/backend/src/main/java/com/example/staybite_backend/controller/ReviewController.java:[24,99] incompatible types: java.lang.Long cannot be converted to java.lang.String
[ERROR] /E:/ManiStayBite/backend/src/main/java/com/example/staybite_backend/controller/ReviewController.java:[41,37] incompatible types: java.lang.Long cannot be converted to java.lang.String
[ERROR] /E:/ManiStayBite/backend/src/main/java/com/example/staybite_backend/controller/SubscriptionController.java:[19,53] incompatible types: java.lang.Long cannot be converted to java.lang.String
[ERROR] /E:/ManiStayBite/backend/src/main/java/com/example/staybite_backend/controller/SupportTicketController.java:[21,64] incompatible types: java.lang.Long cannot be converted to java.lang.String
[ERROR] /E:/ManiStayBite/backend/src/main/java/com/example/staybite_backend/controller/SupportTicketController.java:[33,58] incompatible types: java.lang.Long cannot be converted to java.lang.String
[ERROR] /E:/ManiStayBite/backend/src/main/java/com/example/staybite_backend/controller/WalletController.java:[18,46] incompatible types: java.lang.Long cannot be converted to java.lang.String
[ERROR] /E:/ManiStayBite/backend/src/main/java/com/example/staybite_backend/controller/WalletController.java:[25,55] incompatible types: java.lang.Long cannot be converted to java.lang.String
[ERROR] -> [Help 1]
[ERROR] 
[ERROR] To see the full stack trace of the errors, re-run Maven with the -e switch.
[ERROR] Re-run Maven using the -X switch to enable full debug logging.
[ERROR] 
[ERROR] For more information about the errors and possible solutions, please read the following articles:
[ERROR] [Help 1] http://cwiki.apache.org/confluence/display/MAVEN/MojoFailureException
